<area shape="rect" href="conffig.html" title="conffig" alt="" coords="1977,316,2063,364">
<area shape="rect" href="confmat.html" title="confmat" alt="" coords="1600,412,1693,460">
<area shape="rect" href="plotmat.html" title="plotmat" alt="" coords="1485,412,1576,460">
<area shape="rect" href="conjgrad.html" title="conjgrad" alt="" coords="8672,508,8771,556">
<area shape="rect" href="maxitmess.html" title="maxitmess" alt="" coords="8404,604,8519,652">
<area shape="rect" href="convertoldnet.html" title="convertoldnet" alt="" coords="5389,28,5525,76">
<area shape="rect" href="demard.html" title="demard" alt="" coords="383,316,473,364">
<area shape="rect" href="evidence.html" title="evidence" alt="" coords="235,412,336,460">
<area shape="rect" href="mlp.html" title="mlp" alt="" coords="1389,412,1461,460">
<area shape="rect" href="mlpfwd.html" title="mlpfwd" alt="" coords="1308,508,1401,556">
<area shape="rect" href="mlpprior.html" title="mlpprior" alt="" coords="797,412,896,460">
<area shape="rect" href="netopt.html" title="netopt" alt="" coords="920,412,1003,460">
<area shape="rect" href="netpak.html" title="netpak" alt="" coords="1392,604,1477,652">
<area shape="rect" href="errbayes.html" title="errbayes" alt="" coords="1551,508,1649,556">
<area shape="rect" href="consist.html" title="consist" alt="" coords="4927,700,5012,748">
<area shape="rect" href="hbayes.html" title="hbayes" alt="" coords="5148,508,5236,556">
<area shape="rect" href="neterr.html" title="neterr" alt="" coords="283,604,363,652">
<area shape="rect" href="nethess.html" title="nethess" alt="" coords="387,604,477,652">
<area shape="rect" href="netunpak.html" title="netunpak" alt="" coords="421,700,525,748">
<area shape="rect" href="demev1.html" title="demev1" alt="" coords="497,316,591,364">
<area shape="rect" href="mlppak.html" title="mlppak" alt="" coords="3080,412,3171,460">
<area shape="rect" href="netevfwd.html" title="netevfwd" alt="" coords="5,412,109,460">
<area shape="rect" href="demev2.html" title="demev2" alt="" coords="665,316,759,364">
<area shape="rect" href="gmm.html" title="gmm" alt="" coords="6952,412,7024,460">
<area shape="rect" href="gmmactiv.html" title="gmmactiv" alt="" coords="5831,604,5937,652">
<area shape="rect" href="gmmpost.html" title="gmmpost" alt="" coords="5833,508,5935,556">
<area shape="rect" href="gmmsamp.html" title="gmmsamp" alt="" coords="6331,412,6440,460">
<area shape="rect" href="mlpevfwd.html" title="mlpevfwd" alt="" coords="563,412,672,460">
<area shape="rect" href="dist2.html" title="dist2" alt="" coords="6759,700,6831,748">
<area shape="rect" href="gsamp.html" title="gsamp" alt="" coords="8267,508,8349,556">
<area shape="rect" href="fevbayes.html" title="fevbayes" alt="" coords="1425,508,1527,556">
<area shape="rect" href="demev3.html" title="demev3" alt="" coords="708,220,801,268">
<area shape="rect" href="netinit.html" title="netinit" alt="" coords="148,604,231,652">
<area shape="rect" href="rbf.html" title="rbf" alt="" coords="5221,316,5293,364">
<area shape="rect" href="rbffwd.html" title="rbffwd" alt="" coords="5311,508,5396,556">
<area shape="rect" href="rbfprior.html" title="rbfprior" alt="" coords="5397,412,5491,460">
<area shape="rect" href="rbfsetbf.html" title="rbfsetbf" alt="" coords="5616,316,5709,364">
<area shape="rect" href="rbfunpak.html" title="rbfunpak" alt="" coords="5249,604,5351,652">
<area shape="rect" href="gmmem.html" title="gmmem" alt="" coords="7403,412,7496,460">
<area shape="rect" href="gmminit.html" title="gmminit" alt="" coords="7571,412,7667,460">
<area shape="rect" href="rbfsetfw.html" title="rbfsetfw" alt="" coords="6008,412,6104,460">
<area shape="rect" href="demgauss.html" title="demgauss" alt="" coords="8457,124,8564,172">
<area shape="rect" href="gauss.html" title="gauss" alt="" coords="8587,220,8661,268">
<area shape="rect" href="histp.html" title="histp" alt="" coords="8491,220,8563,268">
<area shape="rect" href="demglm1.html" title="demglm1" alt="" coords="7521,220,7625,268">
<area shape="rect" href="glm.html" title="glm" alt="" coords="7451,316,7523,364">
<area shape="rect" href="glmfwd.html" title="glmfwd" alt="" coords="7875,508,7965,556">
<area shape="rect" href="glmtrain.html" title="glmtrain" alt="" coords="8061,316,8157,364">
<area shape="rect" href="glmerr.html" title="glmerr" alt="" coords="7960,412,8043,460">
<area shape="rect" href="glmgrad.html" title="glmgrad" alt="" coords="8067,412,8163,460">
<area shape="rect" href="glmhess.html" title="glmhess" alt="" coords="7792,412,7885,460">
<area shape="rect" href="glmunpak.html" title="glmunpak" alt="" coords="6164,604,6271,652">
<area shape="rect" href="glmpak.html" title="glmpak" alt="" coords="8091,604,8179,652">
<area shape="rect" href="demglm2.html" title="demglm2" alt="" coords="7313,220,7417,268">
<area shape="rect" href="demgmm1.html" title="demgmm1" alt="" coords="6896,316,7008,364">
<area shape="rect" href="gmmprob.html" title="gmmprob" alt="" coords="7083,508,7187,556">
<area shape="rect" href="ppca.html" title="ppca" alt="" coords="7211,508,7283,556">
<area shape="rect" href="demgmm2.html" title="demgmm2" alt="" coords="7920,316,8032,364">
<area shape="rect" href="dem2ddat.html" title="dem2ddat" alt="" coords="8541,508,8648,556">
<area shape="rect" href="kmeans.html" title="kmeans" alt="" coords="8373,508,8467,556">
<area shape="rect" href="demgmm3.html" title="demgmm3" alt="" coords="7648,316,7760,364">
<area shape="rect" href="demgmm4.html" title="demgmm4" alt="" coords="7784,316,7896,364">
<area shape="rect" href="demgmm5.html" title="demgmm5" alt="" coords="7264,316,7376,364">
<area shape="rect" href="demgp.html" title="demgp" alt="" coords="2739,220,2824,268">
<area shape="rect" href="gp.html" title="gp" alt="" coords="3209,316,3281,364">
<area shape="rect" href="gpcovar.html" title="gpcovar" alt="" coords="2861,412,2955,460">
<area shape="rect" href="gpfwd.html" title="gpfwd" alt="" coords="2737,316,2820,364">
<area shape="rect" href="gpinit.html" title="gpinit" alt="" coords="2636,316,2713,364">
<area shape="rect" href="gpcovarp.html" title="gpcovarp" alt="" coords="2761,508,2865,556">
<area shape="rect" href="gpunpak.html" title="gpunpak" alt="" coords="2257,604,2356,652">
<area shape="rect" href="demgpard.html" title="demgpard" alt="" coords="2852,220,2961,268">
<area shape="rect" href="demgpot.html" title="demgpot" alt="" coords="7229,412,7328,460">
<area shape="rect" href="demgtm1.html" title="demgtm1" alt="" coords="6168,124,6272,172">
<area shape="rect" href="gtm.html" title="gtm" alt="" coords="5980,220,6052,268">
<area shape="rect" href="gtmem.html" title="gtmem" alt="" coords="6533,316,6619,364">
<area shape="rect" href="gtmfwd.html" title="gtmfwd" alt="" coords="6293,220,6384,268">
<area shape="rect" href="gtminit.html" title="gtminit" alt="" coords="6177,220,6263,268">
<area shape="rect" href="gtmpost.html" title="gtmpost" alt="" coords="5891,412,5984,460">
<area shape="rect" href="gtmprob.html" title="gtmprob" alt="" coords="6565,412,6661,460">
<area shape="rect" href="pca.html" title="pca" alt="" coords="6184,316,6256,364">
<area shape="rect" href="demgtm2.html" title="demgtm2" alt="" coords="6039,124,6143,172">
<area shape="rect" href="gtmlmean.html" title="gtmlmean" alt="" coords="5485,316,5592,364">
<area shape="rect" href="gtmlmode.html" title="gtmlmode" alt="" coords="5899,316,6008,364">
<area shape="rect" href="gtmmag.html" title="gtmmag" alt="" coords="5368,316,5461,364">
<area shape="rect" href="rbfjacob.html" title="rbfjacob" alt="" coords="5565,412,5664,460">
<area shape="rect" href="demhint.html" title="demhint" alt="" coords="5212,124,5305,172">
<area shape="rect" href="mlphint.html" title="mlphint" alt="" coords="5528,220,5619,268">
<area shape="rect" href="hintmat.html" title="hintmat" alt="" coords="5733,316,5824,364">
<area shape="rect" href="demhmc1.html" title="demhmc1" alt="" coords="7083,316,7189,364">
<area shape="rect" href="hmc.html" title="hmc" alt="" coords="3552,412,3624,460">
<area shape="rect" href="demhmc2.html" title="demhmc2" alt="" coords="2316,316,2423,364">
<area shape="rect" href="mlpinit.html" title="mlpinit" alt="" coords="2192,412,2280,460">
<area shape="rect" href="mlpunpak.html" title="mlpunpak" alt="" coords="4500,508,4609,556">
<area shape="rect" href="demhmc3.html" title="demhmc3" alt="" coords="3407,316,3513,364">
<area shape="rect" href="demkmn1.html" title="demkmn1" alt="" coords="8541,412,8648,460">
<area shape="rect" href="demknn1.html" title="demknn1" alt="" coords="9095,412,9199,460">
<area shape="rect" href="knn.html" title="knn" alt="" coords="8543,604,8615,652">
<area shape="rect" href="knnfwd.html" title="knnfwd" alt="" coords="8639,604,8729,652">
<area shape="rect" href="demmdn1.html" title="demmdn1" alt="" coords="2451,220,2557,268">
<area shape="rect" href="mdn.html" title="mdn" alt="" coords="1881,316,1953,364">
<area shape="rect" href="mdn2gmm.html" title="mdn2gmm" alt="" coords="2447,316,2561,364">
<area shape="rect" href="mdnfwd.html" title="mdnfwd" alt="" coords="3299,412,3395,460">
<area shape="rect" href="mdninit.html" title="mdninit" alt="" coords="3095,316,3185,364">
<area shape="rect" href="gmmunpak.html" title="gmmunpak" alt="" coords="1931,604,2048,652">
<area shape="rect" href="demmet1.html" title="demmet1" alt="" coords="6807,124,6911,172">
<area shape="rect" href="metrop.html" title="metrop" alt="" coords="6896,220,6984,268">
<area shape="rect" href="demmlp1.html" title="demmlp1" alt="" coords="953,316,1057,364">
<area shape="rect" href="demmlp2.html" title="demmlp2" alt="" coords="2087,316,2191,364">
<area shape="rect" href="demnlab.html" title="demnlab" alt="" coords="5267,28,5365,76">
<area shape="rect" href="demns1.html" title="demns1" alt="" coords="5329,124,5420,172">
<area shape="rect" href="demolgd1.html" title="demolgd1" alt="" coords="1700,316,1807,364">
<area shape="rect" href="demopt1.html" title="demopt1" alt="" coords="8859,412,8957,460">
<area shape="rect" href="demprgp.html" title="demprgp" alt="" coords="3177,220,3276,268">
<area shape="rect" href="demprior.html" title="demprior" alt="" coords="1081,316,1183,364">
<area shape="rect" href="demrbf1.html" title="demrbf1" alt="" coords="5092,124,5188,172">
<area shape="rect" href="demsom1.html" title="demsom1" alt="" coords="7099,412,7205,460">
<area shape="rect" href="rbftrain.html" title="rbftrain" alt="" coords="5120,220,5211,268">
<area shape="rect" href="olgd.html" title="olgd" alt="" coords="1012,508,1084,556">
<area shape="rect" href="graddesc.html" title="graddesc" alt="" coords="8795,508,8896,556">
<area shape="rect" href="quasinew.html" title="quasinew" alt="" coords="8920,508,9024,556">
<area shape="rect" href="rosen.html" title="rosen" alt="" coords="9144,508,9221,556">
<area shape="rect" href="scg.html" title="scg" alt="" coords="9048,508,9120,556">
<area shape="rect" href="rbferr.html" title="rbferr" alt="" coords="4829,412,4907,460">
<area shape="rect" href="som.html" title="som" alt="" coords="6936,508,7008,556">
<area shape="rect" href="sompak.html" title="sompak" alt="" coords="6748,604,6841,652">
<area shape="rect" href="somtrain.html" title="somtrain" alt="" coords="6459,508,6557,556">
<area shape="rect" href="netgrad.html" title="netgrad" alt="" coords="552,604,643,652">
<area shape="rect" href="dempot.html" title="dempot" alt="" coords="6837,412,6928,460">
<area shape="rect" href="somfwd.html" title="somfwd" alt="" coords="6580,604,6673,652">
<area shape="rect" href="somunpak.html" title="somunpak" alt="" coords="6295,604,6404,652">
<area shape="rect" href="demtrain.html" title="demtrain" alt="" coords="1563,220,1661,268">
<area shape="rect" href="datread.html" title="datread" alt="" coords="1281,316,1372,364">
<area shape="rect" href="mlperr.html" title="mlperr" alt="" coords="1229,412,1315,460">
<area shape="rect" href="mlptrain.html" title="mlptrain" alt="" coords="833,316,929,364">
<area shape="rect" href="netderiv.html" title="netderiv" alt="" coords="1501,604,1597,652">
<area shape="rect" href="gbayes.html" title="gbayes" alt="" coords="4289,508,4375,556">
<area shape="rect" href="glmderiv.html" title="glmderiv" alt="" coords="2135,604,2233,652">
<area shape="rect" href="glmevfwd.html" title="glmevfwd" alt="" coords="3419,412,3528,460">
<area shape="rect" href="glminit.html" title="glminit" alt="" coords="4937,508,5023,556">
<area shape="rect" href="eigdec.html" title="eigdec" alt="" coords="7072,604,7155,652">
<area shape="rect" href="gmmpak.html" title="gmmpak" alt="" coords="2907,604,3005,652">
<area shape="rect" href="gpcovarf.html" title="gpcovarf" alt="" coords="2784,604,2883,652">
<area shape="rect" href="gperr.html" title="gperr" alt="" coords="2945,316,3020,364">
<area shape="rect" href="gppak.html" title="gppak" alt="" coords="3195,412,3275,460">
<area shape="rect" href="gpgrad.html" title="gpgrad" alt="" coords="3537,316,3623,364">
<area shape="rect" href="hesschek.html" title="hesschek" alt="" coords="373,508,477,556">
<area shape="rect" href="hinton.html" title="hinton" alt="" coords="5737,220,5820,268">
<area shape="rect" href="mdndist2.html" title="mdndist2" alt="" coords="3921,604,4025,652">
<area shape="rect" href="mdnerr.html" title="mdnerr" alt="" coords="3647,316,3735,364">
<area shape="rect" href="mdnprob.html" title="mdnprob" alt="" coords="3852,508,3953,556">
<area shape="rect" href="mdngrad.html" title="mdngrad" alt="" coords="3957,316,4059,364">
<area shape="rect" href="mdnpost.html" title="mdnpost" alt="" coords="3901,412,4000,460">
<area shape="rect" href="mlpbkp.html" title="mlpbkp" alt="" coords="2416,508,2507,556">
<area shape="rect" href="mdnpak.html" title="mdnpak" alt="" coords="3759,316,3855,364">
<area shape="rect" href="mdnunpak.html" title="mdnunpak" alt="" coords="4643,412,4755,460">
<area shape="rect" href="mlpderiv.html" title="mlpderiv" alt="" coords="2355,412,2456,460">
<area shape="rect" href="mlpgrad.html" title="mlpgrad" alt="" coords="2021,412,2117,460">
<area shape="rect" href="mlphdotv.html" title="mlphdotv" alt="" coords="4512,412,4619,460">
<area shape="rect" href="mlphess.html" title="mlphess" alt="" coords="4949,316,5045,364">
<area shape="rect" href="rbfderiv.html" title="rbfderiv" alt="" coords="4176,412,4272,460">
<area shape="rect" href="rbfbkp.html" title="rbfbkp" alt="" coords="4180,508,4265,556">
<area shape="rect" href="rbfevfwd.html" title="rbfevfwd" alt="" coords="2632,412,2736,460">
<area shape="rect" href="rbfgrad.html" title="rbfgrad" alt="" coords="4296,412,4387,460">
<area shape="rect" href="rbfhess.html" title="rbfhess" alt="" coords="5032,412,5120,460">
<area shape="rect" href="rbfpak.html" title="rbfpak" alt="" coords="4887,604,4972,652">
<area shape="rect" href="Contents.html" title="Contents" alt="" coords="5573,28,5675,76">
<area shape="rect" href="datwrite.html" title="datwrite" alt="" coords="5699,28,5795,76">
<area shape="rect" href="gradchek.html" title="gradchek" alt="" coords="5819,28,5920,76">
<area shape="rect" href="linef.html" title="linef" alt="" coords="5944,28,6016,76">
<area shape="rect" href="linemin.html" title="linemin" alt="" coords="6040,28,6128,76">
<area shape="rect" href="minbrack.html" title="minbrack" alt="" coords="6152,28,6256,76">
<area shape="rect" href="rosegrad.html" title="rosegrad" alt="" coords="6280,28,6379,76">
